
> mellominds-dashboard@0.1.0 start
> react-scripts start

node.exe : (node:20764) [DEP_WEBPACK_DEV_SERVER_ON_AFTER_SETUP_MIDDLEWARE] 
DeprecationWarning: 'onAfterSetupMiddleware' option is deprecated. Please use 
the 'setupMiddlewares' option.
At line:1 char:1
+ & "C:\Program Files\nodejs/node.exe" "C:\Program Files\nodejs/node_mo ...
+ ~~~~~~~~~~~~~~~~~~~~~~~~~~~~~~~~~~~~~~~~~~~~~~~~~~~~~~~~~~~~~~~~~~~~~
    + CategoryInfo          : NotSpecified: ((node:20764) [D...ewares'     
option.:String) [], RemoteException
    + FullyQualifiedErrorId : NativeCommandError
 
(Use `node --trace-deprecation ...` to show where the warning was created)
(node:20764) [DEP_WEBPACK_DEV_SERVER_ON_BEFORE_SETUP_MIDDLEWARE] 
DeprecationWarning: 'onBeforeSetupMiddleware' option is deprecated. Please 
use the 'setupMiddlewares' option.
Starting the development server...

Compiled successfully!

You can now view mellominds-dashboard in the browser.

  Local:            http://localhost:5173
  On Your Network:  http://192.168.56.1:5173

Note that the development build is not optimized.
To create a production build, use npm run build.

webpack compiled [1m[32msuccessfully[39m[22m
Files successfully emitted, waiting for typecheck results...
Issues checking in progress...
No issues found.
